###############################################################################
#
# IAR ELF Linker V8.30.1.114/W32 for ARM                  02/Nov/2018  12:12:32
# Copyright 2007-2018 IAR Systems AB.
#
#    Output file  =  
#        C:\Users\Alexandre\Documents\Git_Embedded\STM32f1\USART\EWARM\Debug\Exe\USART.out
#    Map file     =  
#        C:\Users\Alexandre\Documents\Git_Embedded\STM32f1\USART\EWARM\Debug\List\USART.map
#    Command line =  
#        -f C:\Users\ALEXAN~1\AppData\Local\Temp\EW830E.tmp
#        (C:\Users\Alexandre\Documents\Git_Embedded\STM32f1\USART\EWARM\Debug\Obj\core_cm3.o
#        C:\Users\Alexandre\Documents\Git_Embedded\STM32f1\USART\EWARM\Debug\Obj\main.o
#        C:\Users\Alexandre\Documents\Git_Embedded\STM32f1\USART\EWARM\Debug\Obj\misc.o
#        C:\Users\Alexandre\Documents\Git_Embedded\STM32f1\USART\EWARM\Debug\Obj\startup_stm32f10x_cl.o
#        C:\Users\Alexandre\Documents\Git_Embedded\STM32f1\USART\EWARM\Debug\Obj\stm32f10x_adc.o
#        C:\Users\Alexandre\Documents\Git_Embedded\STM32f1\USART\EWARM\Debug\Obj\stm32f10x_gpio.o
#        C:\Users\Alexandre\Documents\Git_Embedded\STM32f1\USART\EWARM\Debug\Obj\stm32f10x_rcc.o
#        C:\Users\Alexandre\Documents\Git_Embedded\STM32f1\USART\EWARM\Debug\Obj\stm32f10x_usart.o
#        C:\Users\Alexandre\Documents\Git_Embedded\STM32f1\USART\EWARM\Debug\Obj\system_stm32f10x.o
#        --no_out_extension -o
#        C:\Users\Alexandre\Documents\Git_Embedded\STM32f1\USART\EWARM\Debug\Exe\USART.out
#        --redirect _Printf=_PrintfFullNoMb --redirect _Scanf=_ScanfFullNoMb
#        --map
#        C:\Users\Alexandre\Documents\Git_Embedded\STM32f1\USART\EWARM\Debug\List\USART.map
#        --config
#        C:\Users\Alexandre\Documents\Git_Embedded\STM32f1\USART\EWARM/settings/stm32f103x8.icf
#        --semihosting --entry __iar_program_start --vfe --text_out locale)
#
###############################################################################

*******************************************************************************
*** RUNTIME MODEL ATTRIBUTES
***

CppFlavor       = *
__SystemLibrary = DLib
__dlib_version  = 6


*******************************************************************************
*** HEAP SELECTION
***

The basic heap was selected because some modules are built with
size limitations (and not runtime checking), and --advanced_heap
was not specified.


*******************************************************************************
*** PLACEMENT SUMMARY
***

"A0":  place at 0x800'0000 { ro section .intvec };
"P1":  place in [from 0x800'0000 to 0x800'ffff] { ro };
define block CSTACK with size = 2K, alignment = 8 { };
define block HEAP with size = 2K, alignment = 8 { };
"P2":  place in [from 0x2000'0000 to 0x2000'4fff] {
          rw, block CSTACK, block HEAP };
initialize by copy { rw };

  Section            Kind         Address   Size  Object
  -------            ----         -------   ----  ------
"A0":                                      0x150
  .intvec            ro code   0x800'0000  0x150  startup_stm32f10x_cl.o [1]
                             - 0x800'0150  0x150

"P1":                                      0x731
  .text              ro code   0x800'0150  0x120  system_stm32f10x.o [1]
  .text              ro code   0x800'0270  0x11e  stm32f10x_usart.o [1]
  .text              ro code   0x800'0390   0xe8  stm32f10x_rcc.o [1]
  .text              ro code   0x800'0478   0xf0  main.o [1]
  .text              ro code   0x800'0568   0x36  strlen.o [3]
  .text              ro code   0x800'05a0   0xd0  stm32f10x_gpio.o [1]
  .text              ro code   0x800'0670   0x38  packbits_init_single.o [3]
  .text              ro code   0x800'06a8   0x28  data_init.o [3]
  .iar.init_table    const     0x800'06d0   0x10  - Linker created -
  .text              ro code   0x800'06e0   0x1e  cmain.o [3]
  .text              ro code   0x800'06fe    0x4  low_level_init.o [2]
  .text              ro code   0x800'0702    0x4  exit.o [2]
  .text              ro code   0x800'0708    0xa  cexit.o [3]
  .text              ro code   0x800'0714   0x14  exit.o [4]
  .rodata            const     0x800'0728   0x10  main.o [1]
  .text              ro code   0x800'0738   0x10  startup_stm32f10x_cl.o [1]
  .text              ro code   0x800'0748    0xc  cstartup_M.o [3]
  .text              ro code   0x800'0754    0x4  startup_stm32f10x_cl.o [1]
  .text              ro code   0x800'0758    0x4  startup_stm32f10x_cl.o [1]
  .text              ro code   0x800'075c    0x4  startup_stm32f10x_cl.o [1]
  .text              ro code   0x800'0760    0x4  startup_stm32f10x_cl.o [1]
  .text              ro code   0x800'0764    0x4  startup_stm32f10x_cl.o [1]
  .text              ro code   0x800'0768    0x4  startup_stm32f10x_cl.o [1]
  .text              ro code   0x800'076c    0x4  startup_stm32f10x_cl.o [1]
  .text              ro code   0x800'0770    0x4  startup_stm32f10x_cl.o [1]
  .text              ro code   0x800'0774    0x4  startup_stm32f10x_cl.o [1]
  .text              ro code   0x800'0778    0x4  startup_stm32f10x_cl.o [1]
  .text              ro code   0x800'077c    0x4  startup_stm32f10x_cl.o [1]
  .text              ro code   0x800'0780    0x4  startup_stm32f10x_cl.o [1]
  .text              ro code   0x800'0784    0x4  startup_stm32f10x_cl.o [1]
  .text              ro code   0x800'0788    0x4  startup_stm32f10x_cl.o [1]
  .text              ro code   0x800'078c    0x4  startup_stm32f10x_cl.o [1]
  .text              ro code   0x800'0790    0x4  startup_stm32f10x_cl.o [1]
  .text              ro code   0x800'0794    0x4  startup_stm32f10x_cl.o [1]
  .text              ro code   0x800'0798    0x4  startup_stm32f10x_cl.o [1]
  .text              ro code   0x800'079c    0x4  startup_stm32f10x_cl.o [1]
  .text              ro code   0x800'07a0    0x4  startup_stm32f10x_cl.o [1]
  .text              ro code   0x800'07a4    0x4  startup_stm32f10x_cl.o [1]
  .text              ro code   0x800'07a8    0x4  startup_stm32f10x_cl.o [1]
  .text              ro code   0x800'07ac    0x4  startup_stm32f10x_cl.o [1]
  .text              ro code   0x800'07b0    0x4  startup_stm32f10x_cl.o [1]
  .text              ro code   0x800'07b4    0x4  startup_stm32f10x_cl.o [1]
  .text              ro code   0x800'07b8    0x4  startup_stm32f10x_cl.o [1]
  .text              ro code   0x800'07bc    0x4  startup_stm32f10x_cl.o [1]
  .text              ro code   0x800'07c0    0x4  startup_stm32f10x_cl.o [1]
  .text              ro code   0x800'07c4    0x4  startup_stm32f10x_cl.o [1]
  .text              ro code   0x800'07c8    0x4  startup_stm32f10x_cl.o [1]
  .text              ro code   0x800'07cc    0x4  startup_stm32f10x_cl.o [1]
  .text              ro code   0x800'07d0    0x4  startup_stm32f10x_cl.o [1]
  .text              ro code   0x800'07d4    0x4  startup_stm32f10x_cl.o [1]
  .text              ro code   0x800'07d8    0x4  startup_stm32f10x_cl.o [1]
  .text              ro code   0x800'07dc    0x4  startup_stm32f10x_cl.o [1]
  .text              ro code   0x800'07e0    0x4  startup_stm32f10x_cl.o [1]
  .text              ro code   0x800'07e4    0x4  startup_stm32f10x_cl.o [1]
  .text              ro code   0x800'07e8    0x4  startup_stm32f10x_cl.o [1]
  .text              ro code   0x800'07ec    0x4  startup_stm32f10x_cl.o [1]
  .text              ro code   0x800'07f0    0x4  startup_stm32f10x_cl.o [1]
  .text              ro code   0x800'07f4    0x4  startup_stm32f10x_cl.o [1]
  .text              ro code   0x800'07f8    0x4  startup_stm32f10x_cl.o [1]
  .text              ro code   0x800'07fc    0x4  startup_stm32f10x_cl.o [1]
  .text              ro code   0x800'0800    0x4  startup_stm32f10x_cl.o [1]
  .text              ro code   0x800'0804    0x4  startup_stm32f10x_cl.o [1]
  .text              ro code   0x800'0808    0x4  startup_stm32f10x_cl.o [1]
  .text              ro code   0x800'080c    0x4  startup_stm32f10x_cl.o [1]
  .text              ro code   0x800'0810    0x4  startup_stm32f10x_cl.o [1]
  .text              ro code   0x800'0814    0x4  startup_stm32f10x_cl.o [1]
  .text              ro code   0x800'0818    0x4  startup_stm32f10x_cl.o [1]
  .text              ro code   0x800'081c    0x4  startup_stm32f10x_cl.o [1]
  .text              ro code   0x800'0820    0x4  startup_stm32f10x_cl.o [1]
  .text              ro code   0x800'0824    0x4  startup_stm32f10x_cl.o [1]
  .text              ro code   0x800'0828    0x4  startup_stm32f10x_cl.o [1]
  .text              ro code   0x800'082c    0x4  startup_stm32f10x_cl.o [1]
  .text              ro code   0x800'0830    0x4  startup_stm32f10x_cl.o [1]
  .text              ro code   0x800'0834    0x4  startup_stm32f10x_cl.o [1]
  .text              ro code   0x800'0838    0x4  startup_stm32f10x_cl.o [1]
  .text              ro code   0x800'083c    0x4  startup_stm32f10x_cl.o [1]
  .text              ro code   0x800'0840    0x4  startup_stm32f10x_cl.o [1]
  .text              ro code   0x800'0844    0x4  startup_stm32f10x_cl.o [1]
  .text              ro code   0x800'0848    0x4  startup_stm32f10x_cl.o [1]
  .text              ro code   0x800'084c    0x4  startup_stm32f10x_cl.o [1]
  .text              ro code   0x800'0850    0x4  startup_stm32f10x_cl.o [1]
  .text              ro code   0x800'0854    0x4  startup_stm32f10x_cl.o [1]
  .text              ro code   0x800'0858    0x4  startup_stm32f10x_cl.o [1]
  .text              ro code   0x800'085c    0x4  startup_stm32f10x_cl.o [1]
  .text              ro code   0x800'0860    0x4  startup_stm32f10x_cl.o [1]
  .text              ro code   0x800'0864    0x4  startup_stm32f10x_cl.o [1]
  .text              ro code   0x800'0868    0x4  startup_stm32f10x_cl.o [1]
  .rodata            const     0x800'086c    0x0  packbits_init_single.o [3]
  Initializer bytes  const     0x800'086c   0x15  <for P2-1>
                             - 0x800'0881  0x731

"P2", part 1 of 2:                          0x2c
  P2-1                        0x2000'0000   0x2c  <Init block>
    .data            inited   0x2000'0000   0x10  stm32f10x_rcc.o [1]
    .data            inited   0x2000'0010    0x4  stm32f10x_rcc.o [1]
    .bss             inited   0x2000'0014   0x14  main.o [1]
    .bss             inited   0x2000'0028    0x4  main.o [1]
                            - 0x2000'002c   0x2c

"P2", part 2 of 2:                         0x800
  CSTACK                      0x2000'0030  0x800  <Block>
    CSTACK           uninit   0x2000'0030  0x800  <Block tail>
                            - 0x2000'0830  0x800

Unused ranges:

         From           To    Size
         ----           --    ----
   0x800'0881   0x800'ffff  0xf77f
  0x2000'002c  0x2000'002f     0x4
  0x2000'0830  0x2000'4fff  0x47d0


*******************************************************************************
*** INIT TABLE
***

          Address      Size
          -------      ----
Copy/packbits (__iar_packbits_init_single3)
    1 source range, total size 0x15 (47% of destination):
           0x800'086c  0x15
    1 destination range, total size 0x2c:
          0x2000'0000  0x2c



*******************************************************************************
*** MODULE SUMMARY
***

    Module                  ro code  ro data  rw data
    ------                  -------  -------  -------
command line/config:
    -------------------------------------------------
    Total:

C:\Users\Alexandre\Documents\Git_Embedded\STM32f1\USART\EWARM\Debug\Obj: [1]
    main.o                      240       28       24
    startup_stm32f10x_cl.o      632
    stm32f10x_gpio.o            208
    stm32f10x_rcc.o             232        9       20
    stm32f10x_usart.o           286
    system_stm32f10x.o          288
    -------------------------------------------------
    Total:                    1 886       37       44

dl7M_tln.a: [2]
    exit.o                        4
    low_level_init.o              4
    -------------------------------------------------
    Total:                        8

rt7M_tl.a: [3]
    cexit.o                      10
    cmain.o                      30
    cstartup_M.o                 12
    data_init.o                  40
    packbits_init_single.o       56
    strlen.o                     54
    -------------------------------------------------
    Total:                      202

shb_l.a: [4]
    exit.o                       20
    -------------------------------------------------
    Total:                       20

    Gaps                          8
    Linker created                        16    2 048
-----------------------------------------------------
    Grand Total:              2 124       53    2 092


*******************************************************************************
*** ENTRY LIST
***

Entry                       Address  Size  Type      Object
-----                       -------  ----  ----      ------
.iar.init_table$$Base    0x800'06d0         --   Gb  - Linker created -
.iar.init_table$$Limit   0x800'06e0         --   Gb  - Linker created -
?main                    0x800'06e1        Code  Gb  cmain.o [3]
ADCPrescTable           0x2000'0010   0x4  Data  Lc  stm32f10x_rcc.o [1]
APBAHBPrescTable        0x2000'0000  0x10  Data  Lc  stm32f10x_rcc.o [1]
CSTACK$$Base            0x2000'0030         --   Gb  - Linker created -
CSTACK$$Limit           0x2000'0830         --   Gb  - Linker created -
Delay                    0x800'04cf  0x14  Code  Gb  main.o [1]
GPIO_Configuration       0x800'0513  0x3e  Code  Gb  main.o [1]
GPIO_Init                0x800'05a1  0xc0  Code  Gb  stm32f10x_gpio.o [1]
GPIO_StructInit          0x800'0661  0x10  Code  Gb  stm32f10x_gpio.o [1]
RCC_APB2PeriphClockCmd   0x800'0441  0x1c  Code  Gb  stm32f10x_rcc.o [1]
RCC_Configuration        0x800'0505   0xe  Code  Gb  main.o [1]
RCC_GetClocksFreq        0x800'0391  0xb0  Code  Gb  stm32f10x_rcc.o [1]
Region$$Table$$Base      0x800'06d0         --   Gb  - Linker created -
Region$$Table$$Limit     0x800'06e0         --   Gb  - Linker created -
SetSysClock              0x800'019b   0x8  Code  Lc  system_stm32f10x.o [1]
SetSysClockTo72          0x800'01a3  0xae  Code  Lc  system_stm32f10x.o [1]
SystemInit               0x800'0151  0x4a  Code  Gb  system_stm32f10x.o [1]
TimingDelay             0x2000'0028   0x4  Data  Lc  main.o [1]
USART_Cmd                0x800'0351  0x1c  Code  Gb  stm32f10x_usart.o [1]
USART_GetFlagStatus      0x800'0375  0x1a  Code  Gb  stm32f10x_usart.o [1]
USART_Init               0x800'0271  0xbc  Code  Gb  stm32f10x_usart.o [1]
USART_SendData           0x800'036d   0x8  Code  Gb  stm32f10x_usart.o [1]
USART_StructInit         0x800'0335  0x1c  Code  Gb  stm32f10x_usart.o [1]
__cmain                  0x800'06e1        Code  Gb  cmain.o [3]
__exit                   0x800'0715  0x14  Code  Gb  exit.o [4]
__iar_data_init3         0x800'06a9  0x28  Code  Gb  data_init.o [3]
__iar_packbits_init_single3
                         0x800'0671  0x38  Code  Gb  packbits_init_single.o [3]
__iar_program_start      0x800'0749        Code  Gb  cstartup_M.o [3]
__low_level_init         0x800'06ff   0x4  Code  Gb  low_level_init.o [2]
__vector_table           0x800'0000        Data  Gb  startup_stm32f10x_cl.o [1]
_call_main               0x800'06ed        Code  Gb  cmain.o [3]
_exit                    0x800'0709        Code  Gb  cexit.o [3]
_main                    0x800'06fb        Code  Gb  cmain.o [3]
exit                     0x800'0703   0x4  Code  Gb  exit.o [2]
main                     0x800'0479  0x56  Code  Gb  main.o [1]
main::test_clk          0x2000'0014  0x14  Data  Lc  main.o [1]
strlen                   0x800'0569        Code  Gb  strlen.o [3]
uart_send                0x800'04e3  0x22  Code  Gb  main.o [1]


[1] = C:\Users\Alexandre\Documents\Git_Embedded\STM32f1\USART\EWARM\Debug\Obj
[2] = dl7M_tln.a
[3] = rt7M_tl.a
[4] = shb_l.a

  2 124 bytes of readonly  code memory
     53 bytes of readonly  data memory
  2 092 bytes of readwrite data memory

Errors: none
Warnings: none
