###############################################################################
#
# IAR ELF Linker V8.30.1.114/W32 for ARM                  04/Nov/2018  18:34:39
# Copyright 2007-2018 IAR Systems AB.
#
#    Output file  =  
#        C:\Users\Alexandre\Documents\Git_Embedded\STM32f1\USART\EWARM\Debug\Exe\USART.out
#    Map file     =  
#        C:\Users\Alexandre\Documents\Git_Embedded\STM32f1\USART\EWARM\Debug\List\USART.map
#    Command line =  
#        -f C:\Users\ALEXAN~1\AppData\Local\Temp\EW1469.tmp
#        (C:\Users\Alexandre\Documents\Git_Embedded\STM32f1\USART\EWARM\Debug\Obj\core_cm3.o
#        C:\Users\Alexandre\Documents\Git_Embedded\STM32f1\USART\EWARM\Debug\Obj\main.o
#        C:\Users\Alexandre\Documents\Git_Embedded\STM32f1\USART\EWARM\Debug\Obj\misc.o
#        C:\Users\Alexandre\Documents\Git_Embedded\STM32f1\USART\EWARM\Debug\Obj\startup_stm32f10x_cl.o
#        C:\Users\Alexandre\Documents\Git_Embedded\STM32f1\USART\EWARM\Debug\Obj\stm32f10x_adc.o
#        C:\Users\Alexandre\Documents\Git_Embedded\STM32f1\USART\EWARM\Debug\Obj\stm32f10x_gpio.o
#        C:\Users\Alexandre\Documents\Git_Embedded\STM32f1\USART\EWARM\Debug\Obj\stm32f10x_rcc.o
#        C:\Users\Alexandre\Documents\Git_Embedded\STM32f1\USART\EWARM\Debug\Obj\stm32f10x_usart.o
#        C:\Users\Alexandre\Documents\Git_Embedded\STM32f1\USART\EWARM\Debug\Obj\system_stm32f10x.o
#        --no_out_extension -o
#        C:\Users\Alexandre\Documents\Git_Embedded\STM32f1\USART\EWARM\Debug\Exe\USART.out
#        --redirect _Printf=_PrintfFullNoMb --redirect _Scanf=_ScanfFullNoMb
#        --map
#        C:\Users\Alexandre\Documents\Git_Embedded\STM32f1\USART\EWARM\Debug\List\USART.map
#        --config
#        C:\Users\Alexandre\Documents\Git_Embedded\STM32f1\USART\EWARM/settings/stm32f103x8.icf
#        --semihosting --entry __iar_program_start --vfe --text_out locale)
#
###############################################################################

*******************************************************************************
*** RUNTIME MODEL ATTRIBUTES
***

CppFlavor       = *
__SystemLibrary = DLib
__dlib_version  = 6


*******************************************************************************
*** HEAP SELECTION
***

The basic heap was selected because some modules are built with
size limitations (and not runtime checking), and --advanced_heap
was not specified.


*******************************************************************************
*** PLACEMENT SUMMARY
***

"A0":  place at 0x800'0000 { ro section .intvec };
"P1":  place in [from 0x800'0000 to 0x800'ffff] { ro };
define block CSTACK with size = 2K, alignment = 8 { };
define block HEAP with size = 2K, alignment = 8 { };
"P2":  place in [from 0x2000'0000 to 0x2000'4fff] {
          rw, block CSTACK, block HEAP };
initialize by copy { rw };

  Section            Kind         Address   Size  Object
  -------            ----         -------   ----  ------
"A0":                                      0x150
  .intvec            ro code   0x800'0000  0x150  startup_stm32f10x_cl.o [1]
                             - 0x800'0150  0x150

"P1":                                      0x9b8
  .text              ro code   0x800'0150  0x288  main.o [1]
  .text              ro code   0x800'03d8  0x108  stm32f10x_rcc.o [1]
  .text              ro code   0x800'04e0   0x70  misc.o [1]
  .text              ro code   0x800'0550   0xc0  stm32f10x_gpio.o [1]
  .text              ro code   0x800'0610  0x15e  stm32f10x_usart.o [1]
  .text              ro code   0x800'076e   0x3a  zero_init3.o [3]
  .text              ro code   0x800'07a8   0x36  strlen.o [3]
  .text              ro code   0x800'07e0  0x120  system_stm32f10x.o [1]
  .text              ro code   0x800'0900   0x2c  copy_init3.o [3]
  .text              ro code   0x800'092c   0x28  data_init.o [3]
  .iar.init_table    const     0x800'0954   0x24  - Linker created -
  .text              ro code   0x800'0978   0x1e  cmain.o [3]
  .text              ro code   0x800'0996    0x4  low_level_init.o [2]
  .text              ro code   0x800'099a    0x4  exit.o [2]
  .text              ro code   0x800'09a0    0xa  cexit.o [3]
  .text              ro code   0x800'09ac   0x14  exit.o [4]
  Initializer bytes  const     0x800'09c0   0x14  <for P2-1>
  .text              ro code   0x800'09d4   0x10  startup_stm32f10x_cl.o [1]
  .text              ro code   0x800'09e4    0xc  cstartup_M.o [3]
  .rodata            const     0x800'09f0    0x8  main.o [1]
  .text              ro code   0x800'09f8    0x4  startup_stm32f10x_cl.o [1]
  .text              ro code   0x800'09fc    0x4  startup_stm32f10x_cl.o [1]
  .text              ro code   0x800'0a00    0x4  startup_stm32f10x_cl.o [1]
  .text              ro code   0x800'0a04    0x4  startup_stm32f10x_cl.o [1]
  .text              ro code   0x800'0a08    0x4  startup_stm32f10x_cl.o [1]
  .text              ro code   0x800'0a0c    0x4  startup_stm32f10x_cl.o [1]
  .text              ro code   0x800'0a10    0x4  startup_stm32f10x_cl.o [1]
  .text              ro code   0x800'0a14    0x4  startup_stm32f10x_cl.o [1]
  .text              ro code   0x800'0a18    0x4  startup_stm32f10x_cl.o [1]
  .text              ro code   0x800'0a1c    0x4  startup_stm32f10x_cl.o [1]
  .text              ro code   0x800'0a20    0x4  startup_stm32f10x_cl.o [1]
  .text              ro code   0x800'0a24    0x4  startup_stm32f10x_cl.o [1]
  .text              ro code   0x800'0a28    0x4  startup_stm32f10x_cl.o [1]
  .text              ro code   0x800'0a2c    0x4  startup_stm32f10x_cl.o [1]
  .text              ro code   0x800'0a30    0x4  startup_stm32f10x_cl.o [1]
  .text              ro code   0x800'0a34    0x4  startup_stm32f10x_cl.o [1]
  .text              ro code   0x800'0a38    0x4  startup_stm32f10x_cl.o [1]
  .text              ro code   0x800'0a3c    0x4  startup_stm32f10x_cl.o [1]
  .text              ro code   0x800'0a40    0x4  startup_stm32f10x_cl.o [1]
  .text              ro code   0x800'0a44    0x4  startup_stm32f10x_cl.o [1]
  .text              ro code   0x800'0a48    0x4  startup_stm32f10x_cl.o [1]
  .text              ro code   0x800'0a4c    0x4  startup_stm32f10x_cl.o [1]
  .text              ro code   0x800'0a50    0x4  startup_stm32f10x_cl.o [1]
  .text              ro code   0x800'0a54    0x4  startup_stm32f10x_cl.o [1]
  .text              ro code   0x800'0a58    0x4  startup_stm32f10x_cl.o [1]
  .text              ro code   0x800'0a5c    0x4  startup_stm32f10x_cl.o [1]
  .text              ro code   0x800'0a60    0x4  startup_stm32f10x_cl.o [1]
  .text              ro code   0x800'0a64    0x4  startup_stm32f10x_cl.o [1]
  .text              ro code   0x800'0a68    0x4  startup_stm32f10x_cl.o [1]
  .text              ro code   0x800'0a6c    0x4  startup_stm32f10x_cl.o [1]
  .text              ro code   0x800'0a70    0x4  startup_stm32f10x_cl.o [1]
  .text              ro code   0x800'0a74    0x4  startup_stm32f10x_cl.o [1]
  .text              ro code   0x800'0a78    0x4  startup_stm32f10x_cl.o [1]
  .text              ro code   0x800'0a7c    0x4  startup_stm32f10x_cl.o [1]
  .text              ro code   0x800'0a80    0x4  startup_stm32f10x_cl.o [1]
  .text              ro code   0x800'0a84    0x4  startup_stm32f10x_cl.o [1]
  .text              ro code   0x800'0a88    0x4  startup_stm32f10x_cl.o [1]
  .text              ro code   0x800'0a8c    0x4  startup_stm32f10x_cl.o [1]
  .text              ro code   0x800'0a90    0x4  startup_stm32f10x_cl.o [1]
  .text              ro code   0x800'0a94    0x4  startup_stm32f10x_cl.o [1]
  .text              ro code   0x800'0a98    0x4  startup_stm32f10x_cl.o [1]
  .text              ro code   0x800'0a9c    0x4  startup_stm32f10x_cl.o [1]
  .text              ro code   0x800'0aa0    0x4  startup_stm32f10x_cl.o [1]
  .text              ro code   0x800'0aa4    0x4  startup_stm32f10x_cl.o [1]
  .text              ro code   0x800'0aa8    0x4  startup_stm32f10x_cl.o [1]
  .text              ro code   0x800'0aac    0x4  startup_stm32f10x_cl.o [1]
  .text              ro code   0x800'0ab0    0x4  startup_stm32f10x_cl.o [1]
  .text              ro code   0x800'0ab4    0x4  startup_stm32f10x_cl.o [1]
  .text              ro code   0x800'0ab8    0x4  startup_stm32f10x_cl.o [1]
  .text              ro code   0x800'0abc    0x4  startup_stm32f10x_cl.o [1]
  .text              ro code   0x800'0ac0    0x4  startup_stm32f10x_cl.o [1]
  .text              ro code   0x800'0ac4    0x4  startup_stm32f10x_cl.o [1]
  .text              ro code   0x800'0ac8    0x4  startup_stm32f10x_cl.o [1]
  .text              ro code   0x800'0acc    0x4  startup_stm32f10x_cl.o [1]
  .text              ro code   0x800'0ad0    0x4  startup_stm32f10x_cl.o [1]
  .text              ro code   0x800'0ad4    0x4  startup_stm32f10x_cl.o [1]
  .text              ro code   0x800'0ad8    0x4  startup_stm32f10x_cl.o [1]
  .text              ro code   0x800'0adc    0x4  startup_stm32f10x_cl.o [1]
  .text              ro code   0x800'0ae0    0x4  startup_stm32f10x_cl.o [1]
  .text              ro code   0x800'0ae4    0x4  startup_stm32f10x_cl.o [1]
  .text              ro code   0x800'0ae8    0x4  startup_stm32f10x_cl.o [1]
  .text              ro code   0x800'0aec    0x4  startup_stm32f10x_cl.o [1]
  .text              ro code   0x800'0af0    0x4  startup_stm32f10x_cl.o [1]
  .text              ro code   0x800'0af4    0x4  startup_stm32f10x_cl.o [1]
  .text              ro code   0x800'0af8    0x4  startup_stm32f10x_cl.o [1]
  .text              ro code   0x800'0afc    0x4  startup_stm32f10x_cl.o [1]
  .text              ro code   0x800'0b00    0x4  startup_stm32f10x_cl.o [1]
  .text              ro code   0x800'0b04    0x4  startup_stm32f10x_cl.o [1]
  .rodata            const     0x800'0b08    0x0  zero_init3.o [3]
  .rodata            const     0x800'0b08    0x0  copy_init3.o [3]
                             - 0x800'0b08  0x9b8

"P2", part 1 of 3:                          0x14
  P2-1                        0x2000'0000   0x14  <Init block>
    .data            inited   0x2000'0000   0x10  stm32f10x_rcc.o [1]
    .data            inited   0x2000'0010    0x4  stm32f10x_rcc.o [1]
                            - 0x2000'0014   0x14

"P2", part 2 of 3:                          0x58
  .bss               zero     0x2000'0014   0x50  main.o [1]
  .bss               zero     0x2000'0064    0x4  main.o [1]
  .bss               zero     0x2000'0068    0x1  main.o [1]
  .bss               zero     0x2000'0069    0x1  main.o [1]
  .bss               zero     0x2000'006a    0x1  main.o [1]
                            - 0x2000'006b   0x57

"P2", part 3 of 3:                         0x800
  CSTACK                      0x2000'0070  0x800  <Block>
    CSTACK           uninit   0x2000'0070  0x800  <Block tail>
                            - 0x2000'0870  0x800

Unused ranges:

         From           To    Size
         ----           --    ----
   0x800'0b08   0x800'ffff  0xf4f8
  0x2000'006c  0x2000'006f     0x4
  0x2000'0870  0x2000'4fff  0x4790


*******************************************************************************
*** INIT TABLE
***

          Address      Size
          -------      ----
Zero (__iar_zero_init3)
    1 destination range, total size 0x57:
          0x2000'0014  0x57

Copy (__iar_copy_init3)
    1 source range, total size 0x14:
           0x800'09c0  0x14
    1 destination range, total size 0x14:
          0x2000'0000  0x14



*******************************************************************************
*** MODULE SUMMARY
***

    Module                  ro code  ro data  rw data
    ------                  -------  -------  -------
command line/config:
    -------------------------------------------------
    Total:

C:\Users\Alexandre\Documents\Git_Embedded\STM32f1\USART\EWARM\Debug\Obj: [1]
    main.o                      648        8       87
    misc.o                      112
    startup_stm32f10x_cl.o      624
    stm32f10x_gpio.o            192
    stm32f10x_rcc.o             264       20       20
    stm32f10x_usart.o           350
    system_stm32f10x.o          288
    -------------------------------------------------
    Total:                    2 478       28      107

dl7M_tln.a: [2]
    exit.o                        4
    low_level_init.o              4
    -------------------------------------------------
    Total:                        8

rt7M_tl.a: [3]
    cexit.o                      10
    cmain.o                      30
    copy_init3.o                 44
    cstartup_M.o                 12
    data_init.o                  40
    strlen.o                     54
    zero_init3.o                 58
    -------------------------------------------------
    Total:                      248

shb_l.a: [4]
    exit.o                       20
    -------------------------------------------------
    Total:                       20

    Gaps                          6
    Linker created                        36    2 048
-----------------------------------------------------
    Grand Total:              2 760       64    2 155


*******************************************************************************
*** ENTRY LIST
***

Entry                       Address   Size  Type      Object
-----                       -------   ----  ----      ------
.iar.init_table$$Base    0x800'0954          --   Gb  - Linker created -
.iar.init_table$$Limit   0x800'0978          --   Gb  - Linker created -
?main                    0x800'0979         Code  Gb  cmain.o [3]
ADCPrescTable           0x2000'0010    0x4  Data  Lc  stm32f10x_rcc.o [1]
APBAHBPrescTable        0x2000'0000   0x10  Data  Lc  stm32f10x_rcc.o [1]
CSTACK$$Base            0x2000'0070          --   Gb  - Linker created -
CSTACK$$Limit           0x2000'0870          --   Gb  - Linker created -
Delay                    0x800'0173   0x14  Code  Gb  main.o [1]
GPIO_Init                0x800'0551   0xc0  Code  Gb  stm32f10x_gpio.o [1]
NVIC_Init                0x800'04e1   0x60  Code  Gb  misc.o [1]
RCC_APB1PeriphClockCmd   0x800'04a5   0x1c  Code  Gb  stm32f10x_rcc.o [1]
RCC_APB2PeriphClockCmd   0x800'0489   0x1c  Code  Gb  stm32f10x_rcc.o [1]
RCC_GetClocksFreq        0x800'03d9   0xb0  Code  Gb  stm32f10x_rcc.o [1]
RX_BUF                  0x2000'0014   0x50  Data  Gb  main.o [1]
RX_FLAG_END_LINE        0x2000'0068    0x1  Data  Gb  main.o [1]
RXc                     0x2000'006a    0x1  Data  Gb  main.o [1]
RXi                     0x2000'0069    0x1  Data  Gb  main.o [1]
Region$$Table$$Base      0x800'0954          --   Gb  - Linker created -
Region$$Table$$Limit     0x800'0978          --   Gb  - Linker created -
SetSysClock              0x800'082b    0x8  Code  Lc  system_stm32f10x.o [1]
SetSysClockTo72          0x800'0833   0xae  Code  Lc  system_stm32f10x.o [1]
SystemInit               0x800'07e1   0x4a  Code  Gb  system_stm32f10x.o [1]
TimingDelay             0x2000'0064    0x4  Data  Lc  main.o [1]
USART1_IRQHandler        0x800'02c9   0x42  Code  Gb  main.o [1]
USART2_IRQHandler        0x800'030b   0x42  Code  Gb  main.o [1]
USARTSend                0x800'02a9   0x20  Code  Gb  main.o [1]
USART_Cmd                0x800'06d5   0x1c  Code  Gb  stm32f10x_usart.o [1]
USART_GetFlagStatus      0x800'0755   0x1a  Code  Gb  stm32f10x_usart.o [1]
USART_ITConfig           0x800'06f1   0x54  Code  Gb  stm32f10x_usart.o [1]
USART_Init               0x800'0611   0xbc  Code  Gb  stm32f10x_usart.o [1]
USART_ReceiveData        0x800'074d    0x8  Code  Gb  stm32f10x_usart.o [1]
USART_SendData           0x800'0745    0x8  Code  Gb  stm32f10x_usart.o [1]
__cmain                  0x800'0979         Code  Gb  cmain.o [3]
__exit                   0x800'09ad   0x14  Code  Gb  exit.o [4]
__iar_copy_init3         0x800'0901   0x2c  Code  Gb  copy_init3.o [3]
__iar_data_init3         0x800'092d   0x28  Code  Gb  data_init.o [3]
__iar_program_start      0x800'09e5         Code  Gb  cstartup_M.o [3]
__iar_zero_init3         0x800'076f   0x3a  Code  Gb  zero_init3.o [3]
__low_level_init         0x800'0997    0x4  Code  Gb  low_level_init.o [2]
__vector_table           0x800'0000         Data  Gb  startup_stm32f10x_cl.o [1]
_call_main               0x800'0985         Code  Gb  cmain.o [3]
_exit                    0x800'09a1         Code  Gb  cexit.o [3]
_main                    0x800'0993         Code  Gb  cmain.o [3]
clear_RXBuffer           0x800'0151   0x22  Code  Gb  main.o [1]
exit                     0x800'099b    0x4  Code  Gb  exit.o [2]
main                     0x800'034d   0x5c  Code  Gb  main.o [1]
strlen                   0x800'07a9         Code  Gb  strlen.o [3]
usart_init               0x800'0187  0x122  Code  Gb  main.o [1]


[1] = C:\Users\Alexandre\Documents\Git_Embedded\STM32f1\USART\EWARM\Debug\Obj
[2] = dl7M_tln.a
[3] = rt7M_tl.a
[4] = shb_l.a

  2 760 bytes of readonly  code memory
     64 bytes of readonly  data memory
  2 155 bytes of readwrite data memory

Errors: none
Warnings: none
