###############################################################################
#
# IAR ELF Linker V8.30.1.114/W32 for ARM                  25/Nov/2018  12:42:29
# Copyright 2007-2018 IAR Systems AB.
#
#    Output file  =  
#        C:\Users\Alexandre\Documents\Git_Embedded\STM32f1\I2C\EWARM\Debug\Exe\I2C.out
#    Map file     =  
#        C:\Users\Alexandre\Documents\Git_Embedded\STM32f1\I2C\EWARM\Debug\List\I2C.map
#    Command line =  
#        -f C:\Users\ALEXAN~1\AppData\Local\Temp\EW6A0A.tmp
#        (C:\Users\Alexandre\Documents\Git_Embedded\STM32f1\I2C\EWARM\Debug\Obj\core_cm3.o
#        C:\Users\Alexandre\Documents\Git_Embedded\STM32f1\I2C\EWARM\Debug\Obj\main.o
#        C:\Users\Alexandre\Documents\Git_Embedded\STM32f1\I2C\EWARM\Debug\Obj\misc.o
#        C:\Users\Alexandre\Documents\Git_Embedded\STM32f1\I2C\EWARM\Debug\Obj\startup_stm32f10x_cl.o
#        C:\Users\Alexandre\Documents\Git_Embedded\STM32f1\I2C\EWARM\Debug\Obj\stm32f10x_adc.o
#        C:\Users\Alexandre\Documents\Git_Embedded\STM32f1\I2C\EWARM\Debug\Obj\stm32f10x_gpio.o
#        C:\Users\Alexandre\Documents\Git_Embedded\STM32f1\I2C\EWARM\Debug\Obj\stm32f10x_i2c.o
#        C:\Users\Alexandre\Documents\Git_Embedded\STM32f1\I2C\EWARM\Debug\Obj\stm32f10x_rcc.o
#        C:\Users\Alexandre\Documents\Git_Embedded\STM32f1\I2C\EWARM\Debug\Obj\stm32f10x_spi.o
#        C:\Users\Alexandre\Documents\Git_Embedded\STM32f1\I2C\EWARM\Debug\Obj\stm32f10x_usart.o
#        C:\Users\Alexandre\Documents\Git_Embedded\STM32f1\I2C\EWARM\Debug\Obj\system_stm32f10x.o
#        --no_out_extension -o
#        C:\Users\Alexandre\Documents\Git_Embedded\STM32f1\I2C\EWARM\Debug\Exe\I2C.out
#        --redirect _Printf=_PrintfFullNoMb --redirect _Scanf=_ScanfFullNoMb
#        --map
#        C:\Users\Alexandre\Documents\Git_Embedded\STM32f1\I2C\EWARM\Debug\List\I2C.map
#        --config
#        C:\Users\Alexandre\Documents\Git_Embedded\STM32f1\I2C\EWARM/settings/stm32f103x8.icf
#        --semihosting --entry __iar_program_start --vfe --text_out locale)
#
###############################################################################

*******************************************************************************
*** RUNTIME MODEL ATTRIBUTES
***

CppFlavor       = *
__SystemLibrary = DLib
__dlib_version  = 6


*******************************************************************************
*** HEAP SELECTION
***

The basic heap was selected because some modules are built with
size limitations (and not runtime checking), and --advanced_heap
was not specified.


*******************************************************************************
*** PLACEMENT SUMMARY
***

"A0":  place at 0x800'0000 { ro section .intvec };
"P1":  place in [from 0x800'0000 to 0x800'ffff] { ro };
define block CSTACK with size = 2K, alignment = 8 { };
define block HEAP with size = 2K, alignment = 8 { };
"P2":  place in [from 0x2000'0000 to 0x2000'4fff] {
          rw, block CSTACK, block HEAP };
initialize by copy { rw };

  Section            Kind         Address   Size  Object
  -------            ----         -------   ----  ------
"A0":                                      0x150
  .intvec            ro code   0x800'0000  0x150  startup_stm32f10x_cl.o [1]
                             - 0x800'0150  0x150

"P1":                                      0xa08
  .text              ro code   0x800'0150  0x34c  main.o [1]
  .text              ro code   0x800'049c  0x108  stm32f10x_rcc.o [1]
  .text              ro code   0x800'05a4   0xc0  stm32f10x_gpio.o [1]
  .text              ro code   0x800'0664  0x1cc  stm32f10x_i2c.o [1]
  .text              ro code   0x800'0830  0x120  system_stm32f10x.o [1]
  .text              ro code   0x800'0950   0x2c  copy_init3.o [3]
  .text              ro code   0x800'097c   0x28  data_init.o [3]
  .iar.init_table    const     0x800'09a4   0x14  - Linker created -
  .text              ro code   0x800'09b8   0x1e  cmain.o [3]
  .text              ro code   0x800'09d6    0x4  low_level_init.o [2]
  .text              ro code   0x800'09da    0x4  exit.o [2]
  .text              ro code   0x800'09e0    0xa  cexit.o [3]
  .text              ro code   0x800'09ec   0x14  exit.o [4]
  Initializer bytes  const     0x800'0a00   0x1c  <for P2-1>
  .text              ro code   0x800'0a1c   0x10  startup_stm32f10x_cl.o [1]
  .text              ro code   0x800'0a2c    0xc  cstartup_M.o [3]
  .rodata            const     0x800'0a38    0x8  main.o [1]
  .text              ro code   0x800'0a40    0x4  startup_stm32f10x_cl.o [1]
  .text              ro code   0x800'0a44    0x4  startup_stm32f10x_cl.o [1]
  .text              ro code   0x800'0a48    0x4  startup_stm32f10x_cl.o [1]
  .text              ro code   0x800'0a4c    0x4  startup_stm32f10x_cl.o [1]
  .text              ro code   0x800'0a50    0x4  startup_stm32f10x_cl.o [1]
  .text              ro code   0x800'0a54    0x4  startup_stm32f10x_cl.o [1]
  .text              ro code   0x800'0a58    0x4  startup_stm32f10x_cl.o [1]
  .text              ro code   0x800'0a5c    0x4  startup_stm32f10x_cl.o [1]
  .text              ro code   0x800'0a60    0x4  startup_stm32f10x_cl.o [1]
  .text              ro code   0x800'0a64    0x4  startup_stm32f10x_cl.o [1]
  .text              ro code   0x800'0a68    0x4  startup_stm32f10x_cl.o [1]
  .text              ro code   0x800'0a6c    0x4  startup_stm32f10x_cl.o [1]
  .text              ro code   0x800'0a70    0x4  startup_stm32f10x_cl.o [1]
  .text              ro code   0x800'0a74    0x4  startup_stm32f10x_cl.o [1]
  .text              ro code   0x800'0a78    0x4  startup_stm32f10x_cl.o [1]
  .text              ro code   0x800'0a7c    0x4  startup_stm32f10x_cl.o [1]
  .text              ro code   0x800'0a80    0x4  startup_stm32f10x_cl.o [1]
  .text              ro code   0x800'0a84    0x4  startup_stm32f10x_cl.o [1]
  .text              ro code   0x800'0a88    0x4  startup_stm32f10x_cl.o [1]
  .text              ro code   0x800'0a8c    0x4  startup_stm32f10x_cl.o [1]
  .text              ro code   0x800'0a90    0x4  startup_stm32f10x_cl.o [1]
  .text              ro code   0x800'0a94    0x4  startup_stm32f10x_cl.o [1]
  .text              ro code   0x800'0a98    0x4  startup_stm32f10x_cl.o [1]
  .text              ro code   0x800'0a9c    0x4  startup_stm32f10x_cl.o [1]
  .text              ro code   0x800'0aa0    0x4  startup_stm32f10x_cl.o [1]
  .text              ro code   0x800'0aa4    0x4  startup_stm32f10x_cl.o [1]
  .text              ro code   0x800'0aa8    0x4  startup_stm32f10x_cl.o [1]
  .text              ro code   0x800'0aac    0x4  startup_stm32f10x_cl.o [1]
  .text              ro code   0x800'0ab0    0x4  startup_stm32f10x_cl.o [1]
  .text              ro code   0x800'0ab4    0x4  startup_stm32f10x_cl.o [1]
  .text              ro code   0x800'0ab8    0x4  startup_stm32f10x_cl.o [1]
  .text              ro code   0x800'0abc    0x4  startup_stm32f10x_cl.o [1]
  .text              ro code   0x800'0ac0    0x4  startup_stm32f10x_cl.o [1]
  .text              ro code   0x800'0ac4    0x4  startup_stm32f10x_cl.o [1]
  .text              ro code   0x800'0ac8    0x4  startup_stm32f10x_cl.o [1]
  .text              ro code   0x800'0acc    0x4  startup_stm32f10x_cl.o [1]
  .text              ro code   0x800'0ad0    0x4  startup_stm32f10x_cl.o [1]
  .text              ro code   0x800'0ad4    0x4  startup_stm32f10x_cl.o [1]
  .text              ro code   0x800'0ad8    0x4  startup_stm32f10x_cl.o [1]
  .text              ro code   0x800'0adc    0x4  startup_stm32f10x_cl.o [1]
  .text              ro code   0x800'0ae0    0x4  startup_stm32f10x_cl.o [1]
  .text              ro code   0x800'0ae4    0x4  startup_stm32f10x_cl.o [1]
  .text              ro code   0x800'0ae8    0x4  startup_stm32f10x_cl.o [1]
  .text              ro code   0x800'0aec    0x4  startup_stm32f10x_cl.o [1]
  .text              ro code   0x800'0af0    0x4  startup_stm32f10x_cl.o [1]
  .text              ro code   0x800'0af4    0x4  startup_stm32f10x_cl.o [1]
  .text              ro code   0x800'0af8    0x4  startup_stm32f10x_cl.o [1]
  .text              ro code   0x800'0afc    0x4  startup_stm32f10x_cl.o [1]
  .text              ro code   0x800'0b00    0x4  startup_stm32f10x_cl.o [1]
  .text              ro code   0x800'0b04    0x4  startup_stm32f10x_cl.o [1]
  .text              ro code   0x800'0b08    0x4  startup_stm32f10x_cl.o [1]
  .text              ro code   0x800'0b0c    0x4  startup_stm32f10x_cl.o [1]
  .text              ro code   0x800'0b10    0x4  startup_stm32f10x_cl.o [1]
  .text              ro code   0x800'0b14    0x4  startup_stm32f10x_cl.o [1]
  .text              ro code   0x800'0b18    0x4  startup_stm32f10x_cl.o [1]
  .text              ro code   0x800'0b1c    0x4  startup_stm32f10x_cl.o [1]
  .text              ro code   0x800'0b20    0x4  startup_stm32f10x_cl.o [1]
  .text              ro code   0x800'0b24    0x4  startup_stm32f10x_cl.o [1]
  .text              ro code   0x800'0b28    0x4  startup_stm32f10x_cl.o [1]
  .text              ro code   0x800'0b2c    0x4  startup_stm32f10x_cl.o [1]
  .text              ro code   0x800'0b30    0x4  startup_stm32f10x_cl.o [1]
  .text              ro code   0x800'0b34    0x4  startup_stm32f10x_cl.o [1]
  .text              ro code   0x800'0b38    0x4  startup_stm32f10x_cl.o [1]
  .text              ro code   0x800'0b3c    0x4  startup_stm32f10x_cl.o [1]
  .text              ro code   0x800'0b40    0x4  startup_stm32f10x_cl.o [1]
  .text              ro code   0x800'0b44    0x4  startup_stm32f10x_cl.o [1]
  .text              ro code   0x800'0b48    0x4  startup_stm32f10x_cl.o [1]
  .text              ro code   0x800'0b4c    0x4  startup_stm32f10x_cl.o [1]
  .text              ro code   0x800'0b50    0x4  startup_stm32f10x_cl.o [1]
  .text              ro code   0x800'0b54    0x4  startup_stm32f10x_cl.o [1]
  .rodata            const     0x800'0b58    0x0  copy_init3.o [3]
                             - 0x800'0b58  0xa08

"P2", part 1 of 2:                          0x1c
  P2-1                        0x2000'0000   0x1c  <Init block>
    .data            inited   0x2000'0000    0x4  main.o [1]
    .data            inited   0x2000'0004   0x10  stm32f10x_rcc.o [1]
    .data            inited   0x2000'0014    0x4  stm32f10x_rcc.o [1]
    .data            inited   0x2000'0018    0x1  main.o [1]
    .bss             inited   0x2000'0019    0x1  main.o [1]
    .bss             inited   0x2000'001a    0x1  main.o [1]
    .bss             inited   0x2000'001b    0x1  main.o [1]
                            - 0x2000'001c   0x1c

"P2", part 2 of 2:                         0x800
  CSTACK                      0x2000'0020  0x800  <Block>
    CSTACK           uninit   0x2000'0020  0x800  <Block tail>
                            - 0x2000'0820  0x800

Unused ranges:

         From           To    Size
         ----           --    ----
   0x800'0b58   0x800'ffff  0xf4a8
  0x2000'001c  0x2000'001f     0x4
  0x2000'0820  0x2000'4fff  0x47e0


*******************************************************************************
*** INIT TABLE
***

          Address      Size
          -------      ----
Copy (__iar_copy_init3)
    1 source range, total size 0x1c:
           0x800'0a00  0x1c
    1 destination range, total size 0x1c:
          0x2000'0000  0x1c



*******************************************************************************
*** MODULE SUMMARY
***

    Module                  ro code  ro data  rw data
    ------                  -------  -------  -------
command line/config:
    -------------------------------------------------
    Total:

C:\Users\Alexandre\Documents\Git_Embedded\STM32f1\I2C\EWARM\Debug\Obj: [1]
    main.o                      844       16        8
    startup_stm32f10x_cl.o      632
    stm32f10x_gpio.o            192
    stm32f10x_i2c.o             460
    stm32f10x_rcc.o             264       20       20
    system_stm32f10x.o          288
    -------------------------------------------------
    Total:                    2 680       36       28

dl7M_tlf.a: [2]
    exit.o                        4
    low_level_init.o              4
    -------------------------------------------------
    Total:                        8

rt7M_tl.a: [3]
    cexit.o                      10
    cmain.o                      30
    copy_init3.o                 44
    cstartup_M.o                 12
    data_init.o                  40
    -------------------------------------------------
    Total:                      136

shb_l.a: [4]
    exit.o                       20
    -------------------------------------------------
    Total:                       20

    Gaps                          4
    Linker created                        20    2 048
-----------------------------------------------------
    Grand Total:              2 848       56    2 076


*******************************************************************************
*** ENTRY LIST
***

Entry                       Address   Size  Type      Object
-----                       -------   ----  ----      ------
.iar.init_table$$Base    0x800'09a4          --   Gb  - Linker created -
.iar.init_table$$Limit   0x800'09b8          --   Gb  - Linker created -
?main                    0x800'09b9         Code  Gb  cmain.o [3]
ADCPrescTable           0x2000'0014    0x4  Data  Lc  stm32f10x_rcc.o [1]
APBAHBPrescTable        0x2000'0004   0x10  Data  Lc  stm32f10x_rcc.o [1]
CSTACK$$Base            0x2000'0020          --   Gb  - Linker created -
CSTACK$$Limit           0x2000'0820          --   Gb  - Linker created -
CallBack                 0x800'017b    0x2  Code  Gb  main.o [1]
Data                    0x2000'0018    0x1  Data  Gb  main.o [1]
GPIO_Init                0x800'05a5   0xc0  Code  Gb  stm32f10x_gpio.o [1]
I2C1_init                0x800'017d   0x6e  Code  Gb  main.o [1]
I2C_AcknowledgeConfig    0x800'078d   0x1c  Code  Gb  stm32f10x_i2c.o [1]
I2C_CheckEvent           0x800'07cb   0x24  Code  Gb  stm32f10x_i2c.o [1]
I2C_Cmd                  0x800'0739   0x1c  Code  Gb  stm32f10x_i2c.o [1]
I2C_GenerateSTART        0x800'0755   0x1c  Code  Gb  stm32f10x_i2c.o [1]
I2C_GenerateSTOP         0x800'0771   0x1c  Code  Gb  stm32f10x_i2c.o [1]
I2C_GetFlagStatus        0x800'07ef   0x42  Code  Gb  stm32f10x_i2c.o [1]
I2C_Init                 0x800'0665   0xc6  Code  Gb  stm32f10x_i2c.o [1]
I2C_Read                 0x800'02df  0x162  Code  Gb  main.o [1]
I2C_ReceiveData          0x800'07af    0x6  Code  Gb  stm32f10x_i2c.o [1]
I2C_Send7bitAddress      0x800'07b5   0x16  Code  Gb  stm32f10x_i2c.o [1]
I2C_SendData             0x800'07a9    0x6  Code  Gb  stm32f10x_i2c.o [1]
I2C_Write                0x800'01eb   0xf4  Code  Gb  main.o [1]
RCC_APB1PeriphClockCmd   0x800'0569   0x1c  Code  Gb  stm32f10x_rcc.o [1]
RCC_APB2PeriphClockCmd   0x800'054d   0x1c  Code  Gb  stm32f10x_rcc.o [1]
RCC_GetClocksFreq        0x800'049d   0xb0  Code  Gb  stm32f10x_rcc.o [1]
ReadValue               0x2000'001b    0x1  Data  Gb  main.o [1]
Region$$Table$$Base      0x800'09a4          --   Gb  - Linker created -
Region$$Table$$Limit     0x800'09b8          --   Gb  - Linker created -
S_to_binary_             0x800'0151   0x2a  Code  Lc  main.o [1]
SetSysClock              0x800'087b    0x8  Code  Lc  system_stm32f10x.o [1]
SetSysClockTo72          0x800'0883   0xae  Code  Lc  system_stm32f10x.o [1]
SlaveAddress            0x2000'0019    0x1  Data  Gb  main.o [1]
SystemInit               0x800'0831   0x4a  Code  Gb  system_stm32f10x.o [1]
TempData                0x2000'001a    0x1  Data  Gb  main.o [1]
__cmain                  0x800'09b9         Code  Gb  cmain.o [3]
__exit                   0x800'09ed   0x14  Code  Gb  exit.o [4]
__iar_copy_init3         0x800'0951   0x2c  Code  Gb  copy_init3.o [3]
__iar_data_init3         0x800'097d   0x28  Code  Gb  data_init.o [3]
__iar_program_start      0x800'0a2d         Code  Gb  cstartup_M.o [3]
__low_level_init         0x800'09d7    0x4  Code  Gb  low_level_init.o [2]
__vector_table           0x800'0000         Data  Gb  startup_stm32f10x_cl.o [1]
_call_main               0x800'09c5         Code  Gb  cmain.o [3]
_exit                    0x800'09e1         Code  Gb  cexit.o [3]
_main                    0x800'09d3         Code  Gb  cmain.o [3]
exit                     0x800'09db    0x4  Code  Gb  exit.o [2]
main                     0x800'0441   0x20  Code  Gb  main.o [1]
timeout                 0x2000'0000    0x4  Data  Gb  main.o [1]


[1] = C:\Users\Alexandre\Documents\Git_Embedded\STM32f1\I2C\EWARM\Debug\Obj
[2] = dl7M_tlf.a
[3] = rt7M_tl.a
[4] = shb_l.a

  2 848 bytes of readonly  code memory
     56 bytes of readonly  data memory
  2 076 bytes of readwrite data memory

Errors: none
Warnings: none
