###############################################################################
#
# IAR ELF Linker V8.30.1.114/W32 for ARM                  21/Nov/2018  19:43:06
# Copyright 2007-2018 IAR Systems AB.
#
#    Output file  =  
#        C:\Users\Alexandre\Documents\Git_Embedded\STM32f1\I2C\EWARM\Debug\Exe\I2C.out
#    Map file     =  
#        C:\Users\Alexandre\Documents\Git_Embedded\STM32f1\I2C\EWARM\Debug\List\I2C.map
#    Command line =  
#        -f C:\Users\ALEXAN~1\AppData\Local\Temp\EWAD4.tmp
#        (C:\Users\Alexandre\Documents\Git_Embedded\STM32f1\I2C\EWARM\Debug\Obj\core_cm3.o
#        C:\Users\Alexandre\Documents\Git_Embedded\STM32f1\I2C\EWARM\Debug\Obj\main.o
#        C:\Users\Alexandre\Documents\Git_Embedded\STM32f1\I2C\EWARM\Debug\Obj\misc.o
#        C:\Users\Alexandre\Documents\Git_Embedded\STM32f1\I2C\EWARM\Debug\Obj\startup_stm32f10x_cl.o
#        C:\Users\Alexandre\Documents\Git_Embedded\STM32f1\I2C\EWARM\Debug\Obj\stm32f10x_adc.o
#        C:\Users\Alexandre\Documents\Git_Embedded\STM32f1\I2C\EWARM\Debug\Obj\stm32f10x_gpio.o
#        C:\Users\Alexandre\Documents\Git_Embedded\STM32f1\I2C\EWARM\Debug\Obj\stm32f10x_i2c.o
#        C:\Users\Alexandre\Documents\Git_Embedded\STM32f1\I2C\EWARM\Debug\Obj\stm32f10x_rcc.o
#        C:\Users\Alexandre\Documents\Git_Embedded\STM32f1\I2C\EWARM\Debug\Obj\stm32f10x_spi.o
#        C:\Users\Alexandre\Documents\Git_Embedded\STM32f1\I2C\EWARM\Debug\Obj\stm32f10x_usart.o
#        C:\Users\Alexandre\Documents\Git_Embedded\STM32f1\I2C\EWARM\Debug\Obj\system_stm32f10x.o
#        --no_out_extension -o
#        C:\Users\Alexandre\Documents\Git_Embedded\STM32f1\I2C\EWARM\Debug\Exe\I2C.out
#        --redirect _Printf=_PrintfFullNoMb --redirect _Scanf=_ScanfFullNoMb
#        --map
#        C:\Users\Alexandre\Documents\Git_Embedded\STM32f1\I2C\EWARM\Debug\List\I2C.map
#        --config
#        C:\Users\Alexandre\Documents\Git_Embedded\STM32f1\I2C\EWARM/settings/stm32f103x8.icf
#        --semihosting --entry __iar_program_start --vfe --text_out locale)
#
###############################################################################

*******************************************************************************
*** RUNTIME MODEL ATTRIBUTES
***

CppFlavor       = *
__SystemLibrary = DLib
__dlib_version  = 6


*******************************************************************************
*** HEAP SELECTION
***

The basic heap was selected because some modules are built with
size limitations (and not runtime checking), and --advanced_heap
was not specified.


*******************************************************************************
*** PLACEMENT SUMMARY
***

"A0":  place at 0x800'0000 { ro section .intvec };
"P1":  place in [from 0x800'0000 to 0x800'ffff] { ro };
define block CSTACK with size = 2K, alignment = 8 { };
define block HEAP with size = 2K, alignment = 8 { };
"P2":  place in [from 0x2000'0000 to 0x2000'4fff] {
          rw, block CSTACK, block HEAP };
initialize by copy { rw };

  Section            Kind         Address   Size  Object
  -------            ----         -------   ----  ------
"A0":                                      0x150
  .intvec            ro code   0x800'0000  0x150  startup_stm32f10x_cl.o [1]
                             - 0x800'0150  0x150

"P1":                                      0x8d8
  .text              ro code   0x800'0150  0x248  main.o [1]
  .text              ro code   0x800'0398  0x108  stm32f10x_rcc.o [1]
  .text              ro code   0x800'04a0   0xc0  stm32f10x_gpio.o [1]
  .text              ro code   0x800'0560  0x14a  stm32f10x_i2c.o [1]
  .text              ro code   0x800'06ac  0x120  system_stm32f10x.o [1]
  .text              ro code   0x800'07cc   0x2c  copy_init3.o [3]
  .text              ro code   0x800'07f8   0x28  data_init.o [3]
  .iar.init_table    const     0x800'0820   0x14  - Linker created -
  .text              ro code   0x800'0834   0x1e  cmain.o [3]
  .text              ro code   0x800'0852    0x4  low_level_init.o [2]
  .text              ro code   0x800'0856    0x4  exit.o [2]
  .text              ro code   0x800'085c    0xa  cexit.o [3]
  .text              ro code   0x800'0868   0x14  exit.o [4]
  Initializer bytes  const     0x800'087c   0x1c  <for P2-1>
  .text              ro code   0x800'0898   0x10  startup_stm32f10x_cl.o [1]
  .rodata            const     0x800'08a8    0xc  main.o [1]
  .rodata            const     0x800'08b4    0xc  main.o [1]
  .rodata            const     0x800'08c0    0xc  main.o [1]
  .rodata            const     0x800'08cc    0xc  main.o [1]
  .rodata            const     0x800'08d8    0xc  main.o [1]
  .rodata            const     0x800'08e4    0xc  main.o [1]
  .rodata            const     0x800'08f0    0xc  main.o [1]
  .text              ro code   0x800'08fc    0xc  cstartup_M.o [3]
  .rodata            const     0x800'0908    0x8  main.o [1]
  .text              ro code   0x800'0910    0x4  startup_stm32f10x_cl.o [1]
  .text              ro code   0x800'0914    0x4  startup_stm32f10x_cl.o [1]
  .text              ro code   0x800'0918    0x4  startup_stm32f10x_cl.o [1]
  .text              ro code   0x800'091c    0x4  startup_stm32f10x_cl.o [1]
  .text              ro code   0x800'0920    0x4  startup_stm32f10x_cl.o [1]
  .text              ro code   0x800'0924    0x4  startup_stm32f10x_cl.o [1]
  .text              ro code   0x800'0928    0x4  startup_stm32f10x_cl.o [1]
  .text              ro code   0x800'092c    0x4  startup_stm32f10x_cl.o [1]
  .text              ro code   0x800'0930    0x4  startup_stm32f10x_cl.o [1]
  .text              ro code   0x800'0934    0x4  startup_stm32f10x_cl.o [1]
  .text              ro code   0x800'0938    0x4  startup_stm32f10x_cl.o [1]
  .text              ro code   0x800'093c    0x4  startup_stm32f10x_cl.o [1]
  .text              ro code   0x800'0940    0x4  startup_stm32f10x_cl.o [1]
  .text              ro code   0x800'0944    0x4  startup_stm32f10x_cl.o [1]
  .text              ro code   0x800'0948    0x4  startup_stm32f10x_cl.o [1]
  .text              ro code   0x800'094c    0x4  startup_stm32f10x_cl.o [1]
  .text              ro code   0x800'0950    0x4  startup_stm32f10x_cl.o [1]
  .text              ro code   0x800'0954    0x4  startup_stm32f10x_cl.o [1]
  .text              ro code   0x800'0958    0x4  startup_stm32f10x_cl.o [1]
  .text              ro code   0x800'095c    0x4  startup_stm32f10x_cl.o [1]
  .text              ro code   0x800'0960    0x4  startup_stm32f10x_cl.o [1]
  .text              ro code   0x800'0964    0x4  startup_stm32f10x_cl.o [1]
  .text              ro code   0x800'0968    0x4  startup_stm32f10x_cl.o [1]
  .text              ro code   0x800'096c    0x4  startup_stm32f10x_cl.o [1]
  .text              ro code   0x800'0970    0x4  startup_stm32f10x_cl.o [1]
  .text              ro code   0x800'0974    0x4  startup_stm32f10x_cl.o [1]
  .text              ro code   0x800'0978    0x4  startup_stm32f10x_cl.o [1]
  .text              ro code   0x800'097c    0x4  startup_stm32f10x_cl.o [1]
  .text              ro code   0x800'0980    0x4  startup_stm32f10x_cl.o [1]
  .text              ro code   0x800'0984    0x4  startup_stm32f10x_cl.o [1]
  .text              ro code   0x800'0988    0x4  startup_stm32f10x_cl.o [1]
  .text              ro code   0x800'098c    0x4  startup_stm32f10x_cl.o [1]
  .text              ro code   0x800'0990    0x4  startup_stm32f10x_cl.o [1]
  .text              ro code   0x800'0994    0x4  startup_stm32f10x_cl.o [1]
  .text              ro code   0x800'0998    0x4  startup_stm32f10x_cl.o [1]
  .text              ro code   0x800'099c    0x4  startup_stm32f10x_cl.o [1]
  .text              ro code   0x800'09a0    0x4  startup_stm32f10x_cl.o [1]
  .text              ro code   0x800'09a4    0x4  startup_stm32f10x_cl.o [1]
  .text              ro code   0x800'09a8    0x4  startup_stm32f10x_cl.o [1]
  .text              ro code   0x800'09ac    0x4  startup_stm32f10x_cl.o [1]
  .text              ro code   0x800'09b0    0x4  startup_stm32f10x_cl.o [1]
  .text              ro code   0x800'09b4    0x4  startup_stm32f10x_cl.o [1]
  .text              ro code   0x800'09b8    0x4  startup_stm32f10x_cl.o [1]
  .text              ro code   0x800'09bc    0x4  startup_stm32f10x_cl.o [1]
  .text              ro code   0x800'09c0    0x4  startup_stm32f10x_cl.o [1]
  .text              ro code   0x800'09c4    0x4  startup_stm32f10x_cl.o [1]
  .text              ro code   0x800'09c8    0x4  startup_stm32f10x_cl.o [1]
  .text              ro code   0x800'09cc    0x4  startup_stm32f10x_cl.o [1]
  .text              ro code   0x800'09d0    0x4  startup_stm32f10x_cl.o [1]
  .text              ro code   0x800'09d4    0x4  startup_stm32f10x_cl.o [1]
  .text              ro code   0x800'09d8    0x4  startup_stm32f10x_cl.o [1]
  .text              ro code   0x800'09dc    0x4  startup_stm32f10x_cl.o [1]
  .text              ro code   0x800'09e0    0x4  startup_stm32f10x_cl.o [1]
  .text              ro code   0x800'09e4    0x4  startup_stm32f10x_cl.o [1]
  .text              ro code   0x800'09e8    0x4  startup_stm32f10x_cl.o [1]
  .text              ro code   0x800'09ec    0x4  startup_stm32f10x_cl.o [1]
  .text              ro code   0x800'09f0    0x4  startup_stm32f10x_cl.o [1]
  .text              ro code   0x800'09f4    0x4  startup_stm32f10x_cl.o [1]
  .text              ro code   0x800'09f8    0x4  startup_stm32f10x_cl.o [1]
  .text              ro code   0x800'09fc    0x4  startup_stm32f10x_cl.o [1]
  .text              ro code   0x800'0a00    0x4  startup_stm32f10x_cl.o [1]
  .text              ro code   0x800'0a04    0x4  startup_stm32f10x_cl.o [1]
  .text              ro code   0x800'0a08    0x4  startup_stm32f10x_cl.o [1]
  .text              ro code   0x800'0a0c    0x4  startup_stm32f10x_cl.o [1]
  .text              ro code   0x800'0a10    0x4  startup_stm32f10x_cl.o [1]
  .text              ro code   0x800'0a14    0x4  startup_stm32f10x_cl.o [1]
  .text              ro code   0x800'0a18    0x4  startup_stm32f10x_cl.o [1]
  .text              ro code   0x800'0a1c    0x4  startup_stm32f10x_cl.o [1]
  .text              ro code   0x800'0a20    0x4  startup_stm32f10x_cl.o [1]
  .text              ro code   0x800'0a24    0x4  startup_stm32f10x_cl.o [1]
  .rodata            const     0x800'0a28    0x0  copy_init3.o [3]
                             - 0x800'0a28  0x8d8

"P2", part 1 of 2:                          0x1c
  P2-1                        0x2000'0000   0x19  <Init block>
    .data            inited   0x2000'0000   0x10  stm32f10x_rcc.o [1]
    .data            inited   0x2000'0010    0x4  stm32f10x_rcc.o [1]
    .bss             inited   0x2000'0014    0x1  main.o [1]
    .bss             inited   0x2000'0015    0x1  main.o [1]
    .bss             inited   0x2000'0016    0x1  main.o [1]
    .bss             inited   0x2000'0017    0x1  main.o [1]
    .bss             inited   0x2000'0018    0x1  main.o [1]
                            - 0x2000'0019   0x19

"P2", part 2 of 2:                         0x800
  CSTACK                      0x2000'0020  0x800  <Block>
    CSTACK           uninit   0x2000'0020  0x800  <Block tail>
                            - 0x2000'0820  0x800

Unused ranges:

         From           To    Size
         ----           --    ----
   0x800'0a28   0x800'ffff  0xf5d8
  0x2000'001c  0x2000'001f     0x4
  0x2000'0820  0x2000'4fff  0x47e0


*******************************************************************************
*** INIT TABLE
***

          Address      Size
          -------      ----
Copy (__iar_copy_init3)
    1 source range, total size 0x1c (112% of destination):
           0x800'087c  0x1c
    1 destination range, total size 0x19:
          0x2000'0000  0x19



*******************************************************************************
*** MODULE SUMMARY
***

    Module                  ro code  ro data  rw data
    ------                  -------  -------  -------
command line/config:
    -------------------------------------------------
    Total:

C:\Users\Alexandre\Documents\Git_Embedded\STM32f1\I2C\EWARM\Debug\Obj: [1]
    main.o                      584       97        5
    startup_stm32f10x_cl.o      632
    stm32f10x_gpio.o            192
    stm32f10x_i2c.o             330
    stm32f10x_rcc.o             264       20       20
    system_stm32f10x.o          288
    -------------------------------------------------
    Total:                    2 290      117       25

dl7M_tlf.a: [2]
    exit.o                        4
    low_level_init.o              4
    -------------------------------------------------
    Total:                        8

rt7M_tl.a: [3]
    cexit.o                      10
    cmain.o                      30
    copy_init3.o                 44
    cstartup_M.o                 12
    data_init.o                  40
    -------------------------------------------------
    Total:                      136

shb_l.a: [4]
    exit.o                       20
    -------------------------------------------------
    Total:                       20

    Gaps                          6
    Linker created                        23    2 048
-----------------------------------------------------
    Grand Total:              2 460      140    2 073


*******************************************************************************
*** ENTRY LIST
***

Entry                       Address  Size  Type      Object
-----                       -------  ----  ----      ------
.iar.init_table$$Base    0x800'0820         --   Gb  - Linker created -
.iar.init_table$$Limit   0x800'0834         --   Gb  - Linker created -
?main                    0x800'0835        Code  Gb  cmain.o [3]
ADCPrescTable           0x2000'0010   0x4  Data  Lc  stm32f10x_rcc.o [1]
APBAHBPrescTable        0x2000'0000  0x10  Data  Lc  stm32f10x_rcc.o [1]
CSTACK$$Base            0x2000'0020         --   Gb  - Linker created -
CSTACK$$Limit           0x2000'0820         --   Gb  - Linker created -
GPIO_Init                0x800'04a1  0xc0  Code  Gb  stm32f10x_gpio.o [1]
I2C1_init                0x800'017b  0x6e  Code  Gb  main.o [1]
I2C_Cmd                  0x800'0635  0x1c  Code  Gb  stm32f10x_i2c.o [1]
I2C_GenerateSTART        0x800'0651  0x1c  Code  Gb  stm32f10x_i2c.o [1]
I2C_GenerateSTOP         0x800'066d  0x1c  Code  Gb  stm32f10x_i2c.o [1]
I2C_Init                 0x800'0561  0xc6  Code  Gb  stm32f10x_i2c.o [1]
I2C_Read                 0x800'028f  0x98  Code  Gb  main.o [1]
I2C_ReceiveData          0x800'068f   0x6  Code  Gb  stm32f10x_i2c.o [1]
I2C_Send7bitAddress      0x800'0695  0x16  Code  Gb  stm32f10x_i2c.o [1]
I2C_SendData             0x800'0689   0x6  Code  Gb  stm32f10x_i2c.o [1]
I2C_Write                0x800'01e9  0xa6  Code  Gb  main.o [1]
RCC_APB1PeriphClockCmd   0x800'0465  0x1c  Code  Gb  stm32f10x_rcc.o [1]
RCC_APB2PeriphClockCmd   0x800'0449  0x1c  Code  Gb  stm32f10x_rcc.o [1]
RCC_GetClocksFreq        0x800'0399  0xb0  Code  Gb  stm32f10x_rcc.o [1]
Read                    0x2000'0015   0x1  Data  Gb  main.o [1]
ReadValue               0x2000'0018   0x1  Data  Gb  main.o [1]
Region$$Table$$Base      0x800'0820         --   Gb  - Linker created -
Region$$Table$$Limit     0x800'0834         --   Gb  - Linker created -
S_to_binary_             0x800'0151  0x2a  Code  Lc  main.o [1]
SetSysClock              0x800'06f7   0x8  Code  Lc  system_stm32f10x.o [1]
SetSysClockTo72          0x800'06ff  0xae  Code  Lc  system_stm32f10x.o [1]
SlaveAddress            0x2000'0014   0x1  Data  Gb  main.o [1]
SystemInit               0x800'06ad  0x4a  Code  Gb  system_stm32f10x.o [1]
TempRead                0x2000'0017   0x1  Data  Gb  main.o [1]
Write                   0x2000'0016   0x1  Data  Gb  main.o [1]
__cmain                  0x800'0835        Code  Gb  cmain.o [3]
__exit                   0x800'0869  0x14  Code  Gb  exit.o [4]
__iar_copy_init3         0x800'07cd  0x2c  Code  Gb  copy_init3.o [3]
__iar_data_init3         0x800'07f9  0x28  Code  Gb  data_init.o [3]
__iar_program_start      0x800'08fd        Code  Gb  cstartup_M.o [3]
__low_level_init         0x800'0853   0x4  Code  Gb  low_level_init.o [2]
__vector_table           0x800'0000        Data  Gb  startup_stm32f10x_cl.o [1]
_call_main               0x800'0841        Code  Gb  cmain.o [3]
_exit                    0x800'085d        Code  Gb  cexit.o [3]
_main                    0x800'084f        Code  Gb  cmain.o [3]
exit                     0x800'0857   0x4  Code  Gb  exit.o [2]
main                     0x800'0327  0x2a  Code  Gb  main.o [1]


[1] = C:\Users\Alexandre\Documents\Git_Embedded\STM32f1\I2C\EWARM\Debug\Obj
[2] = dl7M_tlf.a
[3] = rt7M_tl.a
[4] = shb_l.a

  2 460 bytes of readonly  code memory
    140 bytes of readonly  data memory
  2 073 bytes of readwrite data memory

Errors: none
Warnings: none
